../Core/Src/main.c:86:5:main	24	static
../Core/Src/main.c:150:6:SystemClock_Config	88	static
../Core/Src/main.c:198:13:MX_ADC1_Init	24	static
../Core/Src/main.c:250:13:MX_TIM2_Init	64	static
../Core/Src/main.c:313:13:MX_TIM3_Init	64	static
../Core/Src/main.c:372:13:MX_USART2_UART_Init	8	static
../Core/Src/main.c:403:13:MX_DMA_Init	16	static
../Core/Src/main.c:428:13:MX_GPIO_Init	48	static
../Core/Src/main.c:472:6:HAL_ADC_ConvCpltCallback	32	static
../Core/Src/main.c:498:6:HAL_UART_RxCpltCallback	16	static
../Core/Src/main.c:520:6:Error_Handler	4	static,ignoring_inline_asm
